
[1m[94m**********************************************************************[0m
[1m[94m             AI CUSTOMER SERVICE - END-TO-END TEST SUITE              [0m
[1m[94m**********************************************************************[0m

Starting tests at 2026-01-06T21:43:08.515250
Backend URL: http://127.0.0.1:8000

[93mChecking backend connectivity...[0m
.env\Scripts\python.exe : Traceback (most recent call last):
At line:1 char:1
+ .env\Scripts\python.exe test_e2e.py > test_output.txt 2>&1; Get-Conte ...
+ ~~~~~~~~~~~~~~~~~~~~~~~~~~~~~~~~~~~~~~~~~~~~~~~~~~~~~~~~~~
    + CategoryInfo          : NotSpecified: (Traceback (most recent call last)::String) [], RemoteException
    + FullyQualifiedErrorId : NativeCommandError
 
  File "E:\Learning\AI-customer-service\test_e2e.py", line 429, in <module>
    main()
    ~~~~^^
  File "E:\Learning\AI-customer-service\test_e2e.py", line 390, in main
    print(f"{RED}\u274c Backend is not responding on {BASE_URL}{RESET}")
    ~~~~~^^^^^^^^^^^^^^^^^^^^^^^^^^^^^^^^^^^^^^^^^^^^^^^^^^^^^^^^^^^
UnicodeEncodeError: 'gbk' codec can't encode character '\u274c' in position 5: illegal multibyte sequence
